
> meu-portfolio@1.0.0 test
> jest

node.exe : PASS src/__te
sts__/i18n.test.tsx
No linha:1 caractere:1
+ & "C:\Program 
Files\nodejs/node.exe" 
"C:\Program 
Files\nodejs/node_mo ...
+ ~~~~~~~~~~~~~~~~~~~~~~
~~~~~~~~~~~~~~~~~~~~~~~~
~~~~~~~~~~~~~~~~~~~~~~~
    + CategoryInfo      
        : NotSpecified  
  : (PASS src/__tests   
 __/i18n.test.tsx:St    
ring) [], RemoteExc    
eption
    + FullyQualifiedErr 
   orId : NativeComman  
  dError
 
FAIL src/__tests__/Hero.
test.tsx
  ÔùÅ Test suite failed 
to run

    TypeError: Class 
extends value undefined 
is not a constructor or 
null

    [0m[31m[1m>[22m
[39m[90m 1 |[39m 
[36mimport[39m { [33m
Decal[39m[33m,[39m [
33mFloat[39m[33m,[39m
 [33mOrbitControls[39m
[33m,[39m [33mPreload
[39m[33m,[39m 
useTexture } 
[36mfrom[39m [32m'@re
act-three/drei'[39m[33
m;[39m
     [90m   |[39m 
[31m[1m^[22m[39m
     [90m 2 |[39m 
[36mimport[39m { 
[33mCanvas[39m } 
[36mfrom[39m [32m'@re
act-three/fiber'[39m[3
3m;[39m
     [90m 3 |[39m 
[36mimport[39m type 
[33mReact[39m 
[36mfrom[39m [32m'rea
ct'[39m[33m;[39m
     [90m 4 |[39m 
[36mimport[39m { 
memo[33m,[39m 
[33mSuspense[39m } 
[36mfrom[39m [32m'rea
ct'[39m[33m;[39m[0m

      at node_modules/tr
oika-three-text/dist/tro
ika-three-text.umd.js:21
31:38
      at node_modules/tr
oika-three-text/dist/tro
ika-three-text.umd.js:2:
66
      at 
Object.<anonymous> (node
_modules/troika-three-te
xt/dist/troika-three-tex
t.umd.js:5:2)
      at 
Object.<anonymous> (node
_modules/@react-three/dr
ei/index.cjs.js:1:316)
      at 
Object.<anonymous> (src/
components/canvas/Ball.t
sx:1:1)
      at 
Object.<anonymous> (src/
components/canvas/index.
ts:1:1)
      at 
Object.<anonymous> (src/
components/sections/Hero
.tsx:5:1)
      at 
Object.<anonymous> (src/
__tests__/Hero.test.tsx:
3:1)

FAIL src/__tests__/Conta
ct.test.tsx
  ÔùÅ Test suite failed 
to run

    TypeError: Class 
extends value undefined 
is not a constructor or 
null

    [0m[31m[1m>[22m
[39m[90m 1 |[39m 
[36mimport[39m { [33m
Decal[39m[33m,[39m [
33mFloat[39m[33m,[39m
 [33mOrbitControls[39m
[33m,[39m [33mPreload
[39m[33m,[39m 
useTexture } 
[36mfrom[39m [32m'@re
act-three/drei'[39m[33
m;[39m
     [90m   |[39m 
[31m[1m^[22m[39m
     [90m 2 |[39m 
[36mimport[39m { 
[33mCanvas[39m } 
[36mfrom[39m [32m'@re
act-three/fiber'[39m[3
3m;[39m
     [90m 3 |[39m 
[36mimport[39m type 
[33mReact[39m 
[36mfrom[39m [32m'rea
ct'[39m[33m;[39m
     [90m 4 |[39m 
[36mimport[39m { 
memo[33m,[39m 
[33mSuspense[39m } 
[36mfrom[39m [32m'rea
ct'[39m[33m;[39m[0m

      at node_modules/tr
oika-three-text/dist/tro
ika-three-text.umd.js:21
31:38
      at node_modules/tr
oika-three-text/dist/tro
ika-three-text.umd.js:2:
66
      at 
Object.<anonymous> (node
_modules/troika-three-te
xt/dist/troika-three-tex
t.umd.js:5:2)
      at 
Object.<anonymous> (node
_modules/@react-three/dr
ei/index.cjs.js:1:316)
      at 
Object.<anonymous> (src/
components/canvas/Ball.t
sx:1:1)
      at 
Object.<anonymous> (src/
components/canvas/index.
ts:1:1)
      at 
Object.<anonymous> (src/
components/sections/Cont
act.tsx:10:1)
      at 
Object.<anonymous> (src/
__tests__/Contact.test.t
sx:4:1)

PASS src/__tests__/Modal
.test.tsx
PASS src/__tests__/AllCu
rsos.test.tsx

Test Suites: 2 failed, 
3 passed, 5 total
Tests:       25 passed, 
25 total
Snapshots:   0 total
Time:        2.592 s
Ran all test suites.
