src/components/canvas/BolhasBackground.tsx(2,17): error TS6133: 'useEffect' is declared but its value is never read.
src/components/canvas/BolhasBackground.tsx(2,28): error TS6133: 'useRef' is declared but its value is never read.
